Using Comm: QMP
|---------------------------------------------------------------|
 Quantum EXpressions (QEX)

 QEX authors: James Osborn & Xiao-Yong Jin
 HISQ HMC authors: 
   - Curtis Taylor Peterson [C.T.P.] (Michigan State University)
   - James Osborn (Argonne National Laboratory)
   - Xiao-Yong Jin (Argonne National Laboratory) 
 QEX GitHub: https://github.com/jcosborn/qex
 C.T.P. email: curtistaylorpetersonwork@gmail.com
 cite: Proceedings of Science (PoS) LATTICE2016 (2017) 271
|---------------------------------------------------------------|

rank 0/2
thread 0/4
#physGeom:@[8, 8, 8, 16]
#rankGeom:@[1, 1, 1, 2]
#localGeom:@[8, 8, 8, 8]
#innerGeom:@[1, 2, 2, 2]
#outerGeom:@[8, 4, 4, 4]
#innerGeom:@[1, 2, 2, 2]
#outerGeom:@[8, 4, 4, 4]
#innerCb: 0
#innerCbDir: 0
#newRNGField lo:
[1, 1, 1, 2]
#physGeom:@[8, 8, 8, 16]
#rankGeom:@[1, 1, 1, 2]
#localGeom:@[8, 8, 8, 8]
#innerGeom:@[1, 1, 1, 1]
#outerGeom:@[8, 8, 8, 8]
#innerGeom:@[1, 1, 1, 1]
#outerGeom:@[8, 8, 8, 8]
#innerCb: 0
#innerCbDir: 0

base ensemble name: n/a 
starting configuration: 0 
number of trajectories: 1 

JSON input: {"lattice-geometry":[8,8,8,16],"hmc":{"trajectory-length":0.1,"serial-rng":"milc","parallel-rng":"milc","serial-seed":123456789,"parallel-seed":123456789,"gauge-start":"cold"},"action":{"beta":7.5,"mass":0.005,"hasenbusch-mass":0.6,"lepage":0.0,"naik":1.0,"unitary-projection":{"method":"cayley-hamilton"}},"gauge":{"integrator":"2MN","steps":10},"fermion":{"integrator":"2MN","steps":10},"measurements":{"plaquette":{},"polyakov":{},"chiral-condensate":{"sources":10}}}

trajectory length: 0.1
number of trajectories: 1
outer (fermion/Hasenbusch) integrator: 2MN
outer (fermion/Hasenbusch) steps: 10
inner (gauge) integrator: 2MN
inner (gauge) steps per outer (fermion/Hasenbusch) gauge update: 10
gauge start: cold
serial RNG: MILC
serial seed: 
parallel RNG: MILC
parallel seed: 
beta: 7.5
mass: 0.005
hasenbusch mass: 0.6
plaquette coefficient: 1.0
rectangle coefficient: -0.05
unitary projection method: cayley-hamilton
minimum squared residual (action CG solver): 1e-20
maximum iterations (action CG solver): 10000
minimum squared residual (force CG solver): 1e-12
maximum iterations (force CG solver): 10000
fat7first:
  oneLink:     0.125
  threeStaple: -0.0625
  fiveStaple:  0.015625
  sevenStaple: -0.0026041666666666665
  lepage:      -0.0
fat7second:
  oneLink:     1.0
  threeStaple: -0.0625
  fiveStaple:  0.015625
  sevenStaple: -0.0026041666666666665
  lepage:      -0.125
naik: -0.041666666666666664

Omelyan2MN:dt^2{
  (steps=10){
    0: 0.1931833275037836 * Omelyan2MN:dt^2{
        (steps=10){
          0: 0.1931833275037836 * mdt
          1: 0.5 * mdvAll[0]
          2: 0.6136333449924328 * mdt{0}
          3: 0.5 * mdvAll[0]{1}
          4: 0.1931833275037836 * mdt{0}
        }
      }
    1: 0.5 * mdvAll[1]
    2: 0.6136333449924328 * Omelyan2MN{0}
    3: 0.5 * mdvAll[1]{1}
    4: 0.1931833275037836 * Omelyan2MN{0}
  }
}

linkSmear: 0.04424s 11.413Gf/s
stagSolve: 26  0.01049s  12.45Gf/s  3.298e-21
stagSolve: 26  0.01040s  12.56Gf/s  1.131e-21
stagSolve: 34  0.01305s  12.98Gf/s  2.564e-21
kinetic: 35.2783840611973 gauge: 0.0 fermion: 24323.019739170024 

linkSmear: 0.02906s 17.377Gf/s
stagSolve: 19  0.007970s  12.14Gf/s  0.02160
stagSolve: 32  0.01242s  12.86Gf/s  0.02934
forceSmear: 0.08882s 12.172Gf/s
linkSmear: 0.02574s 19.614Gf/s
stagSolve: 19  0.007071s  13.68Gf/s  0.02160
stagSolve: 34  0.01064s  15.92Gf/s  0.02934
forceSmear: 0.08326s 12.986Gf/s
linkSmear: 0.02449s 20.617Gf/s
stagSolve: 19  0.006619s  14.62Gf/s  0.02161
stagSolve: 34  0.01017s  16.65Gf/s  0.02934
forceSmear: 0.07936s 13.623Gf/s
linkSmear: 0.02390s 21.124Gf/s
stagSolve: 19  0.006664s  14.52Gf/s  0.02161
stagSolve: 34  0.01011s  16.76Gf/s  0.02934
forceSmear: 0.07878s 13.724Gf/s
linkSmear: 0.02462s 20.507Gf/s
stagSolve: 19  0.006557s  14.76Gf/s  0.02161
stagSolve: 34  0.01013s  16.71Gf/s  0.02935
forceSmear: 0.07923s 13.645Gf/s
linkSmear: 0.02538s 19.895Gf/s
stagSolve: 19  0.006520s  14.84Gf/s  0.02162
stagSolve: 39  0.01147s  16.87Gf/s  0.02935
forceSmear: 0.07940s 13.617Gf/s
linkSmear: 0.02543s 19.852Gf/s
stagSolve: 19  0.006737s  14.36Gf/s  0.02162
stagSolve: 39  0.01145s  16.91Gf/s  0.02936
forceSmear: 0.07980s 13.548Gf/s
linkSmear: 0.02425s 20.820Gf/s
stagSolve: 19  0.006562s  14.74Gf/s  0.02163
stagSolve: 40  0.01176s  16.88Gf/s  0.02937
forceSmear: 0.07921s 13.650Gf/s
linkSmear: 0.02486s 20.310Gf/s
stagSolve: 20  0.006630s  15.32Gf/s  0.02163
stagSolve: 40  0.008534s  23.25Gf/s  0.02937
forceSmear: 0.06542s 16.526Gf/s
linkSmear: 0.02288s 22.066Gf/s
stagSolve: 21  0.005302s  20.07Gf/s  0.02164
stagSolve: 41  0.008746s  23.24Gf/s  0.02939
forceSmear: 0.06446s 16.773Gf/s
linkSmear: 0.02292s 22.028Gf/s
stagSolve: 21  0.005234s  20.34Gf/s  0.02164
stagSolve: 41  0.008772s  23.17Gf/s  0.02939
forceSmear: 0.06539s 16.534Gf/s
linkSmear: 0.02296s 21.990Gf/s
stagSolve: 21  0.005283s  20.15Gf/s  0.02165
stagSolve: 41  0.008755s  23.22Gf/s  0.02941
forceSmear: 0.06478s 16.690Gf/s
linkSmear: 0.02282s 22.121Gf/s
stagSolve: 21  0.005319s  20.01Gf/s  0.02166
stagSolve: 41  0.008804s  23.09Gf/s  0.02942
forceSmear: 0.06529s 16.560Gf/s
linkSmear: 0.02277s 22.177Gf/s
stagSolve: 21  0.005268s  20.20Gf/s  0.02167
stagSolve: 42  0.008973s  23.19Gf/s  0.02944
forceSmear: 0.06465s 16.723Gf/s
linkSmear: 0.02344s 21.539Gf/s
stagSolve: 21  0.005277s  20.17Gf/s  0.02167
stagSolve: 42  0.008922s  23.33Gf/s  0.02945
forceSmear: 0.06507s 16.616Gf/s
linkSmear: 0.02257s 22.370Gf/s
stagSolve: 21  0.005227s  20.36Gf/s  0.02168
stagSolve: 42  0.008966s  23.21Gf/s  0.02947
forceSmear: 0.06435s 16.800Gf/s
linkSmear: 0.02296s 21.993Gf/s
stagSolve: 21  0.005400s  19.71Gf/s  0.02169
stagSolve: 42  0.008965s  23.21Gf/s  0.02948
forceSmear: 0.06494s 16.650Gf/s
linkSmear: 0.02277s 22.174Gf/s
stagSolve: 21  0.005278s  20.17Gf/s  0.02170
stagSolve: 43  0.009185s  23.18Gf/s  0.02950
forceSmear: 0.06487s 16.666Gf/s
linkSmear: 0.02303s 21.927Gf/s
stagSolve: 21  0.005306s  20.06Gf/s  0.02171
stagSolve: 43  0.009151s  23.27Gf/s  0.02951
forceSmear: 0.06520s 16.582Gf/s
linkSmear: 0.02304s 21.913Gf/s
stagSolve: 22  0.005441s  20.45Gf/s  0.02172
stagSolve: 44  0.009391s  23.19Gf/s  0.02954
forceSmear: 0.06440s 16.788Gf/s

linkSmear: 0.02290s 22.050Gf/s
stagSolve: 36  0.007594s  23.58Gf/s  3.307e-21
stagSolve: 86  0.01763s  23.89Gf/s  1.566e-21
kinetic: -15322.466588151046 gauge: 15275.754544798303 fermion: 24405.014805988743 
unitary deviation avg: 1.3237190702504542e-15 max: 4.2691559022607895e-15
new unitary deviation avg: 2.626469966952464e-16 max: 8.895806573726554e-16
ACC: 0.004639404778572498 exp(dH): 0.9953713406359121 rand: 0.3787543773651123

MEASplaq ss: 0.9512306418022363  st: 0.9512676243921658  tot: 0.951249133097201
MEASploop spatial: 0.9017168576498602 0.000297407107598289 temporal: 0.8127022285408891 -0.0003916331900887193
MEASpbp (0) mass: 0.005 pbpe: 0.004454859182051087 pbpo: 0.004353348761958899
MEASpbp (1) mass: 0.005 pbpe: 0.004449533403594285 pbpo: 0.004419110221554158
MEASpbp (2) mass: 0.005 pbpe: 0.0046543528375696756 pbpo: 0.004344805587446209
MEASpbp (3) mass: 0.005 pbpe: 0.004481838796383602 pbpo: 0.004435340747334116
MEASpbp (4) mass: 0.005 pbpe: 0.0044025022242602 pbpo: 0.004435393862328941
MEASpbp (5) mass: 0.005 pbpe: 0.0042358201339493294 pbpo: 0.004259344109545818
MEASpbp (6) mass: 0.005 pbpe: 0.004434448548221019 pbpo: 0.004375485066366794
MEASpbp (7) mass: 0.005 pbpe: 0.004325959189134302 pbpo: 0.004390358460227128
MEASpbp (8) mass: 0.005 pbpe: 0.004489442363894397 pbpo: 0.004317925415018542
MEASpbp (9) mass: 0.005 pbpe: 0.004299624815662566 pbpo: 0.0044755889127947495
MEASpbp (avg) mass: 0.005 pbpe: 0.00927563878051035 pbpo: 0.009208899120194545

[12.008 s] Total time (Init - Finalize): 12.007791593 seconds.
