Using Comm: QMP
\n|---------------------------------------------------------------|
 Quantum EXpressions (QEX)

 QEX authors: James Osborn & Xiao-Yong Jin
 HISQ HMC authors: 
   - Curtis Taylor Peterson [C.T.P.] (Michigan State University)
   - James Osborn (Argonne National Laboratory)
   - Xiao-Yong Jin (Argonne National Laboratory) 
 QEX GitHub: https://github.com/jcosborn/qex
 C.T.P. email: curtistaylorpetersonwork@gmail.com
 cite: Proceedings of Science (PoS) LATTICE2016 (2017) 271
|---------------------------------------------------------------|

rank 0/1
thread 0/16
#physGeom:@[8, 8, 8, 16]
#rankGeom:@[1, 1, 1, 1]
#localGeom:@[8, 8, 8, 16]
#innerGeom:@[1, 2, 2, 2]
#outerGeom:@[8, 4, 4, 8]
#innerGeom:@[1, 2, 2, 2]
#outerGeom:@[8, 4, 4, 8]
#innerCb: 0
#innerCbDir: 0
#newRNGField lo:
[1, 1, 1, 1]
#physGeom:@[8, 8, 8, 16]
#rankGeom:@[1, 1, 1, 1]
#localGeom:@[8, 8, 8, 16]
#innerGeom:@[1, 1, 1, 1]
#outerGeom:@[8, 8, 8, 16]
#innerGeom:@[1, 1, 1, 1]
#outerGeom:@[8, 8, 8, 16]
#innerCb: 0
#innerCbDir: 0

base ensemble name: n/a 
starting configuration: 0 
number of trajectories: 1 

JSON input: {"lattice-geometry":[8,8,8,16],"hmc":{"trajectory-length":0.1,"serial-rng":"milc","parallel-rng":"milc","serial-seed":123456789,"parallel-seed":123456789,"gauge-start":"cold"},"action":{"beta":7.5,"mass":0.005,"hasenbusch-mass":0.6,"lepage":0.0,"naik":1.0,"unitary-projection":{"method":"newton"}},"gauge":{"integrator":"2MN","steps":10},"fermion":{"integrator":"2MN","steps":10},"measurements":{"plaquette":{},"polyakov":{},"chiral-condensate":{"sources":10}}}

trajectory length: 0.1
number of trajectories: 1
outer (fermion/Hasenbusch) integrator: 2MN
outer (fermion/Hasenbusch) steps: 10
inner (gauge) integrator: 2MN
inner (gauge) steps per outer (fermion/Hasenbusch) update: 10
gauge start: cold
serial RNG: MILC
serial seed: 
parallel RNG: MILC
parallel seed: 
beta: 7.5
mass: 0.005
hasenbusch mass: 0.6
plaquette coefficient: 1.0
rectangle coefficient: -0.05
unitary projection method: newton
minimum squared residual (action CG solver): 1e-20
maximum iterations (action CG solver): 10000
minimum squared residual (force CG solver): 1e-12
maximum iterations (force CG solver): 10000
fat7first:
  oneLink:     0.125
  threeStaple: -0.0625
  fiveStaple:  0.015625
  sevenStaple: -0.0026041666666666665
  lepage:      -0.0
fat7second:
  oneLink:     1.0
  threeStaple: -0.0625
  fiveStaple:  0.015625
  sevenStaple: -0.0026041666666666665
  lepage:      -0.125
naik: -0.041666666666666664

Omelyan2MN:dt^2{
  (steps=10){
    0: 0.1931833275037836 * Omelyan2MN:dt^2{
        (steps=10){
          0: 0.1931833275037836 * mdt
          1: 0.5 * mdvAll[0]
          2: 0.6136333449924328 * mdt{0}
          3: 0.5 * mdvAll[0]{1}
          4: 0.1931833275037836 * mdt{0}
        }
      }
    1: 0.5 * mdvAll[1]
    2: 0.6136333449924328 * Omelyan2MN{0}
    3: 0.5 * mdvAll[1]{1}
    4: 0.1931833275037836 * Omelyan2MN{0}
  }
}

linkSmear: 0.03975s 25.403Gf/s
stagSolve: 26  0.02983s  8.760Gf/s  3.298e-21
stagSolve: 26  0.004569s  57.19Gf/s  1.131e-21
stagSolve: 34  0.006268s  54.04Gf/s  2.564e-21
kinetic: 35.27838406118099 gauge: 2.1827872842550278e-11 fermion: 24323.01973916988 

linkSmear: 0.02307s 43.771Gf/s
stagSolve: 19  0.004196s  46.12Gf/s  0.02160
stagSolve: 32  0.006048s  52.81Gf/s  0.02934
forceSmear: 0.06254s 34.573Gf/s
linkSmear: 0.02274s 44.407Gf/s
stagSolve: 19  0.004097s  47.23Gf/s  0.02160
stagSolve: 34  0.006534s  51.84Gf/s  0.02934
forceSmear: 0.07043s 30.702Gf/s
linkSmear: 0.02383s 42.373Gf/s
stagSolve: 19  0.004462s  43.37Gf/s  0.02161
stagSolve: 34  0.006349s  53.36Gf/s  0.02934
forceSmear: 0.07100s 30.454Gf/s
linkSmear: 0.02248s 44.929Gf/s
stagSolve: 19  0.004298s  45.02Gf/s  0.02161
stagSolve: 34  0.006263s  54.09Gf/s  0.02934
forceSmear: 0.06948s 31.122Gf/s
linkSmear: 0.02098s 48.133Gf/s
stagSolve: 19  0.004216s  45.90Gf/s  0.02161
stagSolve: 34  0.006717s  50.43Gf/s  0.02935
forceSmear: 0.06971s 31.020Gf/s
linkSmear: 0.02165s 46.634Gf/s
stagSolve: 19  0.004186s  46.23Gf/s  0.02162
stagSolve: 39  0.007204s  53.74Gf/s  0.02935
forceSmear: 0.06682s 32.362Gf/s
linkSmear: 0.02236s 45.168Gf/s
stagSolve: 19  0.004285s  45.16Gf/s  0.02162
stagSolve: 39  0.007105s  54.49Gf/s  0.02936
forceSmear: 0.07026s 30.775Gf/s
linkSmear: 0.02226s 45.363Gf/s
stagSolve: 19  0.004215s  45.91Gf/s  0.02163
stagSolve: 40  0.007476s  53.08Gf/s  0.02937
forceSmear: 0.06731s 32.124Gf/s
linkSmear: 0.02229s 45.293Gf/s
stagSolve: 20  0.004321s  47.03Gf/s  0.02163
stagSolve: 40  0.007260s  54.66Gf/s  0.02937
forceSmear: 0.06819s 31.712Gf/s
linkSmear: 0.02116s 47.718Gf/s
stagSolve: 21  0.004530s  46.99Gf/s  0.02164
stagSolve: 41  0.007380s  55.09Gf/s  0.02939
forceSmear: 0.06974s 31.007Gf/s
linkSmear: 0.02282s 44.259Gf/s
stagSolve: 21  0.004499s  47.32Gf/s  0.02164
stagSolve: 41  0.007578s  53.65Gf/s  0.02939
forceSmear: 0.07108s 30.419Gf/s
linkSmear: 0.02259s 44.699Gf/s
stagSolve: 21  0.005149s  41.34Gf/s  0.02165
stagSolve: 41  0.007810s  52.05Gf/s  0.02941
forceSmear: 0.06850s 31.568Gf/s
linkSmear: 0.02158s 46.787Gf/s
stagSolve: 21  0.004583s  46.44Gf/s  0.02166
stagSolve: 41  0.007421s  54.78Gf/s  0.02942
forceSmear: 0.06918s 31.254Gf/s
linkSmear: 0.02184s 46.232Gf/s
stagSolve: 21  0.004459s  47.74Gf/s  0.02167
stagSolve: 42  0.007640s  54.48Gf/s  0.02944
forceSmear: 0.06835s 31.635Gf/s
linkSmear: 0.02200s 45.898Gf/s
stagSolve: 21  0.004451s  47.83Gf/s  0.02167
stagSolve: 42  0.007622s  54.61Gf/s  0.02945
forceSmear: 0.07189s 30.077Gf/s
linkSmear: 0.02244s 44.996Gf/s
stagSolve: 21  0.005582s  38.14Gf/s  0.02168
stagSolve: 42  0.008543s  48.72Gf/s  0.02947
forceSmear: 0.07016s 30.820Gf/s
linkSmear: 0.02186s 46.203Gf/s
stagSolve: 21  0.004562s  46.67Gf/s  0.02169
stagSolve: 42  0.007640s  54.48Gf/s  0.02948
forceSmear: 0.06882s 31.418Gf/s
linkSmear: 0.02298s 43.951Gf/s
stagSolve: 21  0.004480s  47.52Gf/s  0.02170
stagSolve: 43  0.007921s  53.77Gf/s  0.02950
forceSmear: 0.06865s 31.500Gf/s
linkSmear: 0.02386s 42.317Gf/s
stagSolve: 21  0.004608s  46.20Gf/s  0.02171
stagSolve: 43  0.007792s  54.66Gf/s  0.02951
forceSmear: 0.07876s 27.454Gf/s
linkSmear: 0.02251s 44.850Gf/s
stagSolve: 22  0.004799s  46.38Gf/s  0.02172
stagSolve: 44  0.008010s  54.38Gf/s  0.02954
forceSmear: 0.06738s 32.091Gf/s

linkSmear: 0.09629s 10.486Gf/s
stagSolve: 36  0.006463s  55.41Gf/s  3.307e-21
stagSolve: 86  0.01535s  54.88Gf/s  1.567e-21
kinetic: -15322.466588151045 gauge: 15275.75454479854 fermion: 24405.014805988776 
unitary deviation avg: 1.3236944297787385e-15 max: 4.267693995150284e-15
new unitary deviation avg: 2.6241562154931467e-16 max: 8.895806573726554e-16
ACC: 0.004639405189664103 exp(dH): 0.9953713402267234 rand: 0.3787543773651123

MEASplaq ss: 0.9512306418022363  st: 0.9512676243921663  tot: 0.9512491330972013
MEASploop spatial: 0.9017168576498602 0.00029740710759828913 temporal: 0.8127022285408892 -0.00039163319008871995
MEASpbp (0) mass: 0.005 pbpe: 0.004454859182051089 pbpo: 0.004353348761958872
MEASpbp (1) mass: 0.005 pbpe: 0.004449533403594287 pbpo: 0.004419110221554193
MEASpbp (2) mass: 0.005 pbpe: 0.004654352837569676 pbpo: 0.004344805587446225
MEASpbp (3) mass: 0.005 pbpe: 0.004481838796383604 pbpo: 0.004435340747334088
MEASpbp (4) mass: 0.005 pbpe: 0.0044025022242602015 pbpo: 0.004435393862328958
MEASpbp (5) mass: 0.005 pbpe: 0.004235820133949331 pbpo: 0.004259344109545859
MEASpbp (6) mass: 0.005 pbpe: 0.004434448548221022 pbpo: 0.0043754850663668115
MEASpbp (7) mass: 0.005 pbpe: 0.004325959189134304 pbpo: 0.004390358460227119
MEASpbp (8) mass: 0.005 pbpe: 0.004489442363894398 pbpo: 0.004317925415018554
MEASpbp (9) mass: 0.005 pbpe: 0.004299624815662568 pbpo: 0.0044755889127947625
MEASpbp (avg) mass: 0.005 pbpe: 0.018555717411554824 pbpo: 0.018385578109058116

[12.591 s] Total time (Init - Finalize): 12.591501933 seconds.
