Using Comm: QMP
\n|---------------------------------------------------------------|
 Quantum EXpressions (QEX)

 QEX authors: James Osborn & Xiao-Yong Jin
 HISQ HMC authors: 
   - Curtis Taylor Peterson [C.T.P.] (Michigan State University)
   - James Osborn (Argonne National Laboratory)
   - Xiao-Yong Jin (Argonne National Laboratory) 
 QEX GitHub: https://github.com/jcosborn/qex
 C.T.P. email: curtistaylorpetersonwork@gmail.com
 cite: Proceedings of Science (PoS) LATTICE2016 (2017) 271
|---------------------------------------------------------------|

rank 0/2
thread 0/4
#physGeom:@[8, 8, 8, 16]
#rankGeom:@[1, 1, 1, 2]
#localGeom:@[8, 8, 8, 8]
#innerGeom:@[1, 2, 2, 2]
#outerGeom:@[8, 4, 4, 4]
#innerGeom:@[1, 2, 2, 2]
#outerGeom:@[8, 4, 4, 4]
#innerCb: 0
#innerCbDir: 0
#newRNGField lo:
[1, 1, 1, 2]
#physGeom:@[8, 8, 8, 16]
#rankGeom:@[1, 1, 1, 2]
#localGeom:@[8, 8, 8, 8]
#innerGeom:@[1, 1, 1, 1]
#outerGeom:@[8, 8, 8, 8]
#innerGeom:@[1, 1, 1, 1]
#outerGeom:@[8, 8, 8, 8]
#innerCb: 0
#innerCbDir: 0

base ensemble name: n/a 
starting configuration: 0 
number of trajectories: 1 

JSON input: {"lattice-geometry":[8,8,8,16],"hmc":{"trajectory-length":0.1,"serial-rng":"milc","parallel-rng":"milc","serial-seed":123456789,"parallel-seed":123456789,"gauge-start":"cold"},"action":{"beta":7.5,"mass":0.005,"hasenbusch-mass":0.6,"lepage":0.0,"naik":1.0,"unitary-projection":{"method":"newton"}},"gauge":{"integrator":"2MN","steps":10},"fermion":{"integrator":"2MN","steps":10},"measurements":{"plaquette":{},"polyakov":{},"chiral-condensate":{"sources":10}}}

trajectory length: 0.1
number of trajectories: 1
outer (fermion/Hasenbusch) integrator: 2MN
outer (fermion/Hasenbusch) steps: 10
inner (gauge) integrator: 2MN
inner (gauge) steps per outer (fermion/Hasenbusch) update: 10
gauge start: cold
serial RNG: MILC
serial seed: 
parallel RNG: MILC
parallel seed: 
beta: 7.5
mass: 0.005
hasenbusch mass: 0.6
plaquette coefficient: 1.0
rectangle coefficient: -0.05
unitary projection method: newton
minimum squared residual (action CG solver): 1e-20
maximum iterations (action CG solver): 10000
minimum squared residual (force CG solver): 1e-12
maximum iterations (force CG solver): 10000
fat7first:
  oneLink:     0.125
  threeStaple: -0.0625
  fiveStaple:  0.015625
  sevenStaple: -0.0026041666666666665
  lepage:      -0.0
fat7second:
  oneLink:     1.0
  threeStaple: -0.0625
  fiveStaple:  0.015625
  sevenStaple: -0.0026041666666666665
  lepage:      -0.125
naik: -0.041666666666666664

Omelyan2MN:dt^2{
  (steps=10){
    0: 0.1931833275037836 * Omelyan2MN:dt^2{
        (steps=10){
          0: 0.1931833275037836 * mdt
          1: 0.5 * mdvAll[0]
          2: 0.6136333449924328 * mdt{0}
          3: 0.5 * mdvAll[0]{1}
          4: 0.1931833275037836 * mdt{0}
        }
      }
    1: 0.5 * mdvAll[1]
    2: 0.6136333449924328 * Omelyan2MN{0}
    3: 0.5 * mdvAll[1]{1}
    4: 0.1931833275037836 * Omelyan2MN{0}
  }
}

linkSmear: 0.03477s 14.519Gf/s
stagSolve: 26  0.005976s  21.86Gf/s  3.298e-21
stagSolve: 26  0.005631s  23.20Gf/s  1.131e-21
stagSolve: 34  0.007502s  22.58Gf/s  2.563e-21
kinetic: 35.27838406118099 gauge: 2.1827872842550278e-11 fermion: 24323.01973916996 

linkSmear: 0.02289s 22.055Gf/s
stagSolve: 19  0.005004s  19.33Gf/s  0.02160
stagSolve: 32  0.007012s  22.78Gf/s  0.02934
forceSmear: 0.06439s 16.792Gf/s
linkSmear: 0.02296s 21.985Gf/s
stagSolve: 19  0.004906s  19.72Gf/s  0.02160
stagSolve: 34  0.007430s  22.80Gf/s  0.02934
forceSmear: 0.06389s 16.923Gf/s
linkSmear: 0.02359s 21.401Gf/s
stagSolve: 19  0.004966s  19.48Gf/s  0.02161
stagSolve: 34  0.007332s  23.10Gf/s  0.02934
forceSmear: 0.06407s 16.874Gf/s
linkSmear: 0.02359s 21.407Gf/s
stagSolve: 19  0.004796s  20.17Gf/s  0.02161
stagSolve: 34  0.007424s  22.82Gf/s  0.02934
forceSmear: 0.06358s 17.004Gf/s
linkSmear: 0.02353s 21.457Gf/s
stagSolve: 19  0.004946s  19.56Gf/s  0.02161
stagSolve: 34  0.007392s  22.91Gf/s  0.02935
forceSmear: 0.06312s 17.130Gf/s
linkSmear: 0.02362s 21.374Gf/s
stagSolve: 19  0.004846s  19.97Gf/s  0.02162
stagSolve: 39  0.008388s  23.08Gf/s  0.02935
forceSmear: 0.06391s 16.917Gf/s
linkSmear: 0.02465s 20.481Gf/s
stagSolve: 19  0.004990s  19.39Gf/s  0.02162
stagSolve: 39  0.008378s  23.11Gf/s  0.02936
forceSmear: 0.06419s 16.844Gf/s
linkSmear: 0.02468s 20.456Gf/s
stagSolve: 19  0.004890s  19.79Gf/s  0.02163
stagSolve: 40  0.008539s  23.24Gf/s  0.02937
forceSmear: 0.06381s 16.944Gf/s
linkSmear: 0.02365s 21.350Gf/s
stagSolve: 20  0.005205s  19.52Gf/s  0.02163
stagSolve: 40  0.008550s  23.21Gf/s  0.02937
forceSmear: 0.06390s 16.919Gf/s
linkSmear: 0.02314s 21.821Gf/s
stagSolve: 21  0.005274s  20.18Gf/s  0.02164
stagSolve: 41  0.008787s  23.13Gf/s  0.02939
forceSmear: 0.06406s 16.878Gf/s
linkSmear: 0.02395s 21.083Gf/s
stagSolve: 21  0.005307s  20.06Gf/s  0.02164
stagSolve: 41  0.008762s  23.20Gf/s  0.02939
forceSmear: 0.06391s 16.918Gf/s
linkSmear: 0.02336s 21.617Gf/s
stagSolve: 21  0.005293s  20.11Gf/s  0.02165
stagSolve: 41  0.008736s  23.27Gf/s  0.02941
forceSmear: 0.06362s 16.994Gf/s
linkSmear: 0.02426s 20.815Gf/s
stagSolve: 21  0.005242s  20.31Gf/s  0.02166
stagSolve: 41  0.008765s  23.19Gf/s  0.02942
forceSmear: 0.06410s 16.868Gf/s
linkSmear: 0.02400s 21.034Gf/s
stagSolve: 21  0.005356s  19.87Gf/s  0.02167
stagSolve: 42  0.008969s  23.20Gf/s  0.02944
forceSmear: 0.06379s 16.949Gf/s
linkSmear: 0.02359s 21.405Gf/s
stagSolve: 21  0.005323s  20.00Gf/s  0.02167
stagSolve: 42  0.008958s  23.23Gf/s  0.02945
forceSmear: 0.06447s 16.770Gf/s
linkSmear: 0.02392s 21.106Gf/s
stagSolve: 21  0.005451s  19.53Gf/s  0.02168
stagSolve: 42  0.008963s  23.22Gf/s  0.02947
forceSmear: 0.06383s 16.937Gf/s
linkSmear: 0.02439s 20.702Gf/s
stagSolve: 21  0.005429s  19.61Gf/s  0.02169
stagSolve: 42  0.008962s  23.22Gf/s  0.02948
forceSmear: 0.06400s 16.892Gf/s
linkSmear: 0.02321s 21.757Gf/s
stagSolve: 21  0.005369s  19.82Gf/s  0.02170
stagSolve: 43  0.009391s  22.68Gf/s  0.02950
forceSmear: 0.06372s 16.966Gf/s
linkSmear: 0.02396s 21.069Gf/s
stagSolve: 21  0.005392s  19.74Gf/s  0.02171
stagSolve: 43  0.009127s  23.33Gf/s  0.02951
forceSmear: 0.06377s 16.953Gf/s
linkSmear: 0.02357s 21.418Gf/s
stagSolve: 22  0.005483s  20.29Gf/s  0.02172
stagSolve: 44  0.009418s  23.13Gf/s  0.02954
forceSmear: 0.06370s 16.972Gf/s

linkSmear: 0.02391s 21.114Gf/s
stagSolve: 36  0.007752s  23.10Gf/s  3.307e-21
stagSolve: 86  0.01782s  23.63Gf/s  1.566e-21
kinetic: -15322.466588151045 gauge: 15275.75454479854 fermion: 24405.014805988758 
unitary deviation avg: 1.3237135157679744e-15 max: 4.269189297584201e-15
new unitary deviation avg: 2.625131697019624e-16 max: 8.895808272722148e-16
ACC: 0.004639405091438675 exp(dH): 0.9953713403244941 rand: 0.3787543773651123

MEASplaq ss: 0.9512306418022363  st: 0.9512676243921658  tot: 0.951249133097201
MEASploop spatial: 0.9017168576498602 0.0002974071075982891 temporal: 0.8127022285408891 -0.0003916331900887208
MEASpbp (0) mass: 0.005 pbpe: 0.004454859182051089 pbpo: 0.004353348761958889
MEASpbp (1) mass: 0.005 pbpe: 0.004449533403594287 pbpo: 0.0044191102215541955
MEASpbp (2) mass: 0.005 pbpe: 0.004654352837569677 pbpo: 0.0043448055874462195
MEASpbp (3) mass: 0.005 pbpe: 0.004481838796383604 pbpo: 0.0044353407473341
MEASpbp (4) mass: 0.005 pbpe: 0.004402502224260201 pbpo: 0.004435393862328953
MEASpbp (5) mass: 0.005 pbpe: 0.004235820133949332 pbpo: 0.004259344109545841
MEASpbp (6) mass: 0.005 pbpe: 0.00443444854822102 pbpo: 0.004375485066366808
MEASpbp (7) mass: 0.005 pbpe: 0.0043259591891343045 pbpo: 0.004390358460227142
MEASpbp (8) mass: 0.005 pbpe: 0.004489442363894398 pbpo: 0.004317925415018572
MEASpbp (9) mass: 0.005 pbpe: 0.004299624815662568 pbpo: 0.004475588912794752
MEASpbp (avg) mass: 0.005 pbpe: 0.013268514448416138 pbpo: 0.013142010343372638

[11.703 s] Total time (Init - Finalize): 11.702684692 seconds.
