Using Comm: QMP
\n|---------------------------------------------------------------|
 Quantum EXpressions (QEX)

 QEX authors: James Osborn & Xiao-Yong Jin
 HISQ HMC authors: 
   - Curtis Taylor Peterson [C.T.P.] (Michigan State University)
   - James Osborn (Argonne National Laboratory)
   - Xiao-Yong Jin (Argonne National Laboratory) 
 QEX GitHub: https://github.com/jcosborn/qex
 C.T.P. email: curtistaylorpetersonwork@gmail.com
 cite: Proceedings of Science (PoS) LATTICE2016 (2017) 271
|---------------------------------------------------------------|

rank 0/1
thread 0/1
#physGeom:@[8, 8, 8, 16]
#rankGeom:@[1, 1, 1, 1]
#localGeom:@[8, 8, 8, 16]
#innerGeom:@[1, 2, 2, 2]
#outerGeom:@[8, 4, 4, 8]
#innerGeom:@[1, 2, 2, 2]
#outerGeom:@[8, 4, 4, 8]
#innerCb: 0
#innerCbDir: 0
#newRNGField lo:
[1, 1, 1, 1]
#physGeom:@[8, 8, 8, 16]
#rankGeom:@[1, 1, 1, 1]
#localGeom:@[8, 8, 8, 16]
#innerGeom:@[1, 1, 1, 1]
#outerGeom:@[8, 8, 8, 16]
#innerGeom:@[1, 1, 1, 1]
#outerGeom:@[8, 8, 8, 16]
#innerCb: 0
#innerCbDir: 0

base ensemble name: n/a 
starting configuration: 0 
number of trajectories: 1 

JSON input: {"lattice-geometry":[8,8,8,16],"hmc":{"trajectory-length":0.1,"serial-rng":"milc","parallel-rng":"milc","serial-seed":123456789,"parallel-seed":123456789,"gauge-start":"cold"},"action":{"beta":7.5,"mass":0.005,"hasenbusch-mass":0.6,"lepage":0.0,"naik":1.0,"unitary-projection":{"method":"newton"}},"gauge":{"integrator":"2MN","steps":10},"fermion":{"integrator":"2MN","steps":10},"measurements":{"plaquette":{},"polyakov":{},"chiral-condensate":{"sources":10}}}

trajectory length: 0.1
number of trajectories: 1
outer (fermion/Hasenbusch) integrator: 2MN
outer (fermion/Hasenbusch) steps: 10
inner (gauge) integrator: 2MN
inner (gauge) steps per outer (fermion/Hasenbusch) update: 10
gauge start: cold
serial RNG: MILC
serial seed: 
parallel RNG: MILC
parallel seed: 
beta: 7.5
mass: 0.005
hasenbusch mass: 0.6
plaquette coefficient: 1.0
rectangle coefficient: -0.05
unitary projection method: newton
minimum squared residual (action CG solver): 1e-20
maximum iterations (action CG solver): 10000
minimum squared residual (force CG solver): 1e-12
maximum iterations (force CG solver): 10000
fat7first:
  oneLink:     0.125
  threeStaple: -0.0625
  fiveStaple:  0.015625
  sevenStaple: -0.0026041666666666665
  lepage:      -0.0
fat7second:
  oneLink:     1.0
  threeStaple: -0.0625
  fiveStaple:  0.015625
  sevenStaple: -0.0026041666666666665
  lepage:      -0.125
naik: -0.041666666666666664

Omelyan2MN:dt^2{
  (steps=10){
    0: 0.1931833275037836 * Omelyan2MN:dt^2{
        (steps=10){
          0: 0.1931833275037836 * mdt
          1: 0.5 * mdvAll[0]
          2: 0.6136333449924328 * mdt{0}
          3: 0.5 * mdvAll[0]{1}
          4: 0.1931833275037836 * mdt{0}
        }
      }
    1: 0.5 * mdvAll[1]
    2: 0.6136333449924328 * Omelyan2MN{0}
    3: 0.5 * mdvAll[1]{1}
    4: 0.1931833275037836 * Omelyan2MN{0}
  }
}

linkSmear: 0.09657s 10.457Gf/s
stagSolve: 26  0.03667s  7.125Gf/s  3.298e-21
stagSolve: 26  0.03026s  8.635Gf/s  1.131e-21
stagSolve: 34  0.03766s  8.996Gf/s  2.577e-21
kinetic: 35.27838406118099 gauge: 2.1827872842550278e-11 fermion: 24323.019739168973 

linkSmear: 0.08256s 12.230Gf/s
stagSolve: 19  0.02651s  7.301Gf/s  0.02160
stagSolve: 32  0.06467s  4.939Gf/s  0.02934
forceSmear: 0.26916s 8.033Gf/s
linkSmear: 0.07488s 13.485Gf/s
stagSolve: 19  0.02308s  8.385Gf/s  0.02160
stagSolve: 34  0.03789s  8.941Gf/s  0.02934
forceSmear: 0.25621s 8.440Gf/s
linkSmear: 0.08397s 12.025Gf/s
stagSolve: 19  0.02549s  7.592Gf/s  0.02161
stagSolve: 34  0.03666s  9.240Gf/s  0.02934
forceSmear: 0.26151s 8.268Gf/s
linkSmear: 0.07467s 13.523Gf/s
stagSolve: 19  0.02314s  8.364Gf/s  0.02161
stagSolve: 34  0.03712s  9.125Gf/s  0.02934
forceSmear: 0.25457s 8.494Gf/s
linkSmear: 0.07495s 13.473Gf/s
stagSolve: 19  0.02305s  8.397Gf/s  0.02161
stagSolve: 34  0.03958s  8.559Gf/s  0.02935
forceSmear: 0.25548s 8.464Gf/s
linkSmear: 0.07511s 13.444Gf/s
stagSolve: 19  0.02398s  8.070Gf/s  0.02162
stagSolve: 39  0.04797s  8.071Gf/s  0.02935
forceSmear: 0.26236s 8.242Gf/s
linkSmear: 0.07550s 13.375Gf/s
stagSolve: 19  0.02308s  8.384Gf/s  0.02162
stagSolve: 39  0.04202s  9.214Gf/s  0.02936
forceSmear: 0.25594s 8.448Gf/s
linkSmear: 0.07517s 13.433Gf/s
stagSolve: 19  0.02331s  8.300Gf/s  0.02163
stagSolve: 40  0.04352s  9.119Gf/s  0.02937
forceSmear: 0.26305s 8.220Gf/s
linkSmear: 0.07683s 13.143Gf/s
stagSolve: 20  0.02446s  8.308Gf/s  0.02163
stagSolve: 40  0.04317s  9.193Gf/s  0.02937
forceSmear: 0.25869s 8.359Gf/s
linkSmear: 0.07464s 13.529Gf/s
stagSolve: 21  0.02493s  8.538Gf/s  0.02164
stagSolve: 41  0.04380s  9.281Gf/s  0.02939
forceSmear: 0.24956s 8.664Gf/s
linkSmear: 0.07595s 13.295Gf/s
stagSolve: 21  0.02548s  8.354Gf/s  0.02164
stagSolve: 41  0.04342s  9.363Gf/s  0.02939
forceSmear: 0.25674s 8.422Gf/s
linkSmear: 0.07570s 13.338Gf/s
stagSolve: 21  0.02586s  8.232Gf/s  0.02165
stagSolve: 41  0.04322s  9.405Gf/s  0.02941
forceSmear: 0.25711s 8.410Gf/s
linkSmear: 0.07568s 13.342Gf/s
stagSolve: 21  0.02532s  8.408Gf/s  0.02166
stagSolve: 41  0.04366s  9.312Gf/s  0.02942
forceSmear: 0.25675s 8.422Gf/s
linkSmear: 0.07634s 13.227Gf/s
stagSolve: 21  0.02544s  8.367Gf/s  0.02167
stagSolve: 42  0.04562s  9.123Gf/s  0.02944
forceSmear: 0.25708s 8.411Gf/s
linkSmear: 0.07618s 13.255Gf/s
stagSolve: 21  0.02557s  8.327Gf/s  0.02167
stagSolve: 42  0.05269s  7.900Gf/s  0.02945
forceSmear: 0.27704s 7.805Gf/s
linkSmear: 0.08969s 11.258Gf/s
stagSolve: 21  0.03113s  6.838Gf/s  0.02168
stagSolve: 42  0.04770s  8.725Gf/s  0.02947
forceSmear: 0.26072s 8.294Gf/s
linkSmear: 0.08881s 11.369Gf/s
stagSolve: 21  0.04536s  4.693Gf/s  0.02169
stagSolve: 42  0.05496s  7.573Gf/s  0.02948
forceSmear: 0.27997s 7.723Gf/s
linkSmear: 0.07565s 13.348Gf/s
stagSolve: 21  0.02517s  8.458Gf/s  0.02170
stagSolve: 43  0.04596s  9.267Gf/s  0.02950
forceSmear: 0.26211s 8.249Gf/s
linkSmear: 0.07575s 13.330Gf/s
stagSolve: 21  0.02558s  8.321Gf/s  0.02171
stagSolve: 43  0.04681s  9.098Gf/s  0.02951
forceSmear: 0.26207s 8.251Gf/s
linkSmear: 0.07866s 12.837Gf/s
stagSolve: 22  0.02681s  8.301Gf/s  0.02172
stagSolve: 44  0.04841s  8.998Gf/s  0.02954
forceSmear: 0.27105s 7.977Gf/s

linkSmear: 0.07591s 13.302Gf/s
stagSolve: 36  0.04037s  8.872Gf/s  3.307e-21
stagSolve: 86  0.09016s  9.342Gf/s  1.566e-21
kinetic: -15322.46658815106 gauge: 15275.754544799005 fermion: 24405.0148059888 
unitary deviation avg: 1.3237020642925854e-15 max: 4.267693995150284e-15
new unitary deviation avg: 2.623603918045553e-16 max: 8.895806573726554e-16
ACC: 0.00463940657209605 exp(dH): 0.9953713388506903 rand: 0.3787543773651123

MEASplaq ss: 0.9512306418022376  st: 0.9512676243921663  tot: 0.9512491330972019
MEASploop spatial: 0.9017168576498604 0.00029740710759828875 temporal: 0.8127022285408888 -0.0003916331900887217
MEASpbp (0) mass: 0.005 pbpe: 0.004454859182051089 pbpo: 0.004353348761958876
MEASpbp (1) mass: 0.005 pbpe: 0.004449533403594287 pbpo: 0.004419110221554189
MEASpbp (2) mass: 0.005 pbpe: 0.004654352837569677 pbpo: 0.004344805587446211
MEASpbp (3) mass: 0.005 pbpe: 0.004481838796383604 pbpo: 0.004435340747334099
MEASpbp (4) mass: 0.005 pbpe: 0.004402502224260201 pbpo: 0.0044353938623289445
MEASpbp (5) mass: 0.005 pbpe: 0.004235820133949331 pbpo: 0.0042593441095458385
MEASpbp (6) mass: 0.005 pbpe: 0.00443444854822102 pbpo: 0.004375485066366815
MEASpbp (7) mass: 0.005 pbpe: 0.004325959189134305 pbpo: 0.004390358460227113
MEASpbp (8) mass: 0.005 pbpe: 0.004489442363894398 pbpo: 0.00431792541501855
MEASpbp (9) mass: 0.005 pbpe: 0.00429962481566257 pbpo: 0.00447558891279477
MEASpbp (avg) mass: 0.005 pbpe: 0.004422838149472049 pbpo: 0.004380670114457541

[46.774 s] Total time (Init - Finalize): 46.773674921 seconds.
