Using Comm: QMP
\n|---------------------------------------------------------------|
 Quantum EXpressions (QEX)

 QEX authors: James Osborn & Xiao-Yong Jin
 HISQ HMC authors: 
   - Curtis Taylor Peterson [C.T.P.] (Michigan State University)
   - James Osborn (Argonne National Laboratory)
   - Xiao-Yong Jin (Argonne National Laboratory) 
 QEX GitHub: https://github.com/jcosborn/qex
 C.T.P. email: curtistaylorpetersonwork@gmail.com
 cite: Proceedings of Science (PoS) LATTICE2016 (2017) 271
|---------------------------------------------------------------|

rank 0/2
thread 0/1
#physGeom:@[8, 8, 8, 16]
#rankGeom:@[1, 1, 1, 2]
#localGeom:@[8, 8, 8, 8]
#innerGeom:@[1, 2, 2, 2]
#outerGeom:@[8, 4, 4, 4]
#innerGeom:@[1, 2, 2, 2]
#outerGeom:@[8, 4, 4, 4]
#innerCb: 0
#innerCbDir: 0
#newRNGField lo:
[1, 1, 1, 2]
#physGeom:@[8, 8, 8, 16]
#rankGeom:@[1, 1, 1, 2]
#localGeom:@[8, 8, 8, 8]
#innerGeom:@[1, 1, 1, 1]
#outerGeom:@[8, 8, 8, 8]
#innerGeom:@[1, 1, 1, 1]
#outerGeom:@[8, 8, 8, 8]
#innerCb: 0
#innerCbDir: 0

base ensemble name: n/a 
starting configuration: 0 
number of trajectories: 1 

JSON input: {"lattice-geometry":[8,8,8,16],"hmc":{"trajectory-length":0.1,"serial-rng":"milc","parallel-rng":"milc","serial-seed":123456789,"parallel-seed":123456789,"gauge-start":"cold"},"action":{"beta":7.5,"mass":0.005,"hasenbusch-mass":0.6,"lepage":0.0,"naik":1.0,"unitary-projection":{"method":"newton"}},"gauge":{"integrator":"2MN","steps":10},"fermion":{"integrator":"2MN","steps":10},"measurements":{"plaquette":{},"polyakov":{},"chiral-condensate":{"sources":10}}}

trajectory length: 0.1
number of trajectories: 1
outer (fermion/Hasenbusch) integrator: 2MN
outer (fermion/Hasenbusch) steps: 10
inner (gauge) integrator: 2MN
inner (gauge) steps per outer (fermion/Hasenbusch) update: 10
gauge start: cold
serial RNG: MILC
serial seed: 
parallel RNG: MILC
parallel seed: 
beta: 7.5
mass: 0.005
hasenbusch mass: 0.6
plaquette coefficient: 1.0
rectangle coefficient: -0.05
unitary projection method: newton
minimum squared residual (action CG solver): 1e-20
maximum iterations (action CG solver): 10000
minimum squared residual (force CG solver): 1e-12
maximum iterations (force CG solver): 10000
fat7first:
  oneLink:     0.125
  threeStaple: -0.0625
  fiveStaple:  0.015625
  sevenStaple: -0.0026041666666666665
  lepage:      -0.0
fat7second:
  oneLink:     1.0
  threeStaple: -0.0625
  fiveStaple:  0.015625
  sevenStaple: -0.0026041666666666665
  lepage:      -0.125
naik: -0.041666666666666664

Omelyan2MN:dt^2{
  (steps=10){
    0: 0.1931833275037836 * Omelyan2MN:dt^2{
        (steps=10){
          0: 0.1931833275037836 * mdt
          1: 0.5 * mdvAll[0]
          2: 0.6136333449924328 * mdt{0}
          3: 0.5 * mdvAll[0]{1}
          4: 0.1931833275037836 * mdt{0}
        }
      }
    1: 0.5 * mdvAll[1]
    2: 0.6136333449924328 * Omelyan2MN{0}
    3: 0.5 * mdvAll[1]{1}
    4: 0.1931833275037836 * Omelyan2MN{0}
  }
}

linkSmear: 0.06069s 8.319Gf/s
stagSolve: 26  0.01758s  7.433Gf/s  3.298e-21
stagSolve: 26  0.01725s  7.573Gf/s  1.131e-21
stagSolve: 34  0.02232s  7.587Gf/s  2.574e-21
kinetic: 35.27838406121009 gauge: 2.1827872842550278e-11 fermion: 24323.01973917071 

linkSmear: 0.04736s 10.660Gf/s
stagSolve: 19  0.01333s  7.261Gf/s  0.02160
stagSolve: 32  0.02029s  7.871Gf/s  0.02934
forceSmear: 0.14650s 7.380Gf/s
linkSmear: 0.04748s 10.634Gf/s
stagSolve: 19  0.01344s  7.201Gf/s  0.02160
stagSolve: 34  0.02139s  7.919Gf/s  0.02934
forceSmear: 0.14539s 7.436Gf/s
linkSmear: 0.05202s 9.706Gf/s
stagSolve: 19  0.01447s  6.688Gf/s  0.02161
stagSolve: 34  0.02394s  7.076Gf/s  0.02934
forceSmear: 0.16458s 6.569Gf/s
linkSmear: 0.04850s 10.411Gf/s
stagSolve: 19  0.01317s  7.349Gf/s  0.02161
stagSolve: 34  0.02120s  7.990Gf/s  0.02934
forceSmear: 0.14531s 7.440Gf/s
linkSmear: 0.04770s 10.584Gf/s
stagSolve: 19  0.01322s  7.321Gf/s  0.02161
stagSolve: 34  0.02121s  7.985Gf/s  0.02935
forceSmear: 0.14614s 7.398Gf/s
linkSmear: 0.04761s 10.604Gf/s
stagSolve: 19  0.01325s  7.302Gf/s  0.02162
stagSolve: 39  0.02387s  8.111Gf/s  0.02935
forceSmear: 0.14548s 7.432Gf/s
linkSmear: 0.05157s 9.791Gf/s
stagSolve: 19  0.01650s  5.864Gf/s  0.02162
stagSolve: 39  0.02604s  7.435Gf/s  0.02936
forceSmear: 0.15013s 7.202Gf/s
linkSmear: 0.04723s 10.690Gf/s
stagSolve: 19  0.01313s  7.372Gf/s  0.02163
stagSolve: 40  0.02388s  8.309Gf/s  0.02937
forceSmear: 0.14547s 7.432Gf/s
linkSmear: 0.04720s 10.696Gf/s
stagSolve: 20  0.01401s  7.252Gf/s  0.02163
stagSolve: 40  0.02431s  8.162Gf/s  0.02937
forceSmear: 0.14579s 7.416Gf/s
linkSmear: 0.04763s 10.601Gf/s
stagSolve: 21  0.01452s  7.329Gf/s  0.02164
stagSolve: 41  0.02525s  8.052Gf/s  0.02939
forceSmear: 0.14621s 7.395Gf/s
linkSmear: 0.04812s 10.492Gf/s
stagSolve: 21  0.01464s  7.271Gf/s  0.02164
stagSolve: 41  0.02579s  7.881Gf/s  0.02939
forceSmear: 0.14979s 7.218Gf/s
linkSmear: 0.04771s 10.583Gf/s
stagSolve: 21  0.01440s  7.393Gf/s  0.02165
stagSolve: 41  0.02513s  8.089Gf/s  0.02941
forceSmear: 0.14437s 7.489Gf/s
linkSmear: 0.04802s 10.515Gf/s
stagSolve: 21  0.01451s  7.333Gf/s  0.02166
stagSolve: 41  0.02527s  8.045Gf/s  0.02942
forceSmear: 0.14546s 7.433Gf/s
linkSmear: 0.04758s 10.612Gf/s
stagSolve: 21  0.01439s  7.395Gf/s  0.02167
stagSolve: 42  0.02582s  8.060Gf/s  0.02944
forceSmear: 0.14504s 7.454Gf/s
linkSmear: 0.04788s 10.545Gf/s
stagSolve: 21  0.01518s  7.011Gf/s  0.02167
stagSolve: 42  0.02520s  8.259Gf/s  0.02945
forceSmear: 0.14543s 7.434Gf/s
linkSmear: 0.05113s 9.875Gf/s
stagSolve: 21  0.01546s  6.885Gf/s  0.02168
stagSolve: 42  0.02736s  7.607Gf/s  0.02947
forceSmear: 0.14505s 7.454Gf/s
linkSmear: 0.04816s 10.483Gf/s
stagSolve: 21  0.01437s  7.405Gf/s  0.02169
stagSolve: 42  0.02932s  7.098Gf/s  0.02948
forceSmear: 0.14667s 7.371Gf/s
linkSmear: 0.04824s 10.467Gf/s
stagSolve: 21  0.01447s  7.358Gf/s  0.02170
stagSolve: 43  0.02619s  8.131Gf/s  0.02950
forceSmear: 0.14931s 7.241Gf/s
linkSmear: 0.05159s 9.787Gf/s
stagSolve: 21  0.01625s  6.550Gf/s  0.02171
stagSolve: 43  0.02896s  7.353Gf/s  0.02951
forceSmear: 0.15004s 7.206Gf/s
linkSmear: 0.04827s 10.461Gf/s
stagSolve: 22  0.01510s  7.372Gf/s  0.02172
stagSolve: 44  0.02677s  8.137Gf/s  0.02954
forceSmear: 0.14622s 7.394Gf/s

linkSmear: 0.05055s 9.988Gf/s
stagSolve: 36  0.02617s  6.842Gf/s  3.307e-21
stagSolve: 86  0.06109s  6.894Gf/s  1.566e-21
kinetic: -15322.466588151015 gauge: 15275.754544798772 fermion: 24405.014805988772 
unitary deviation avg: 1.3237063128160441e-15 max: 4.269189297584201e-15
new unitary deviation avg: 2.6248646675066403e-16 max: 8.895808272722148e-16
ACC: 0.004639404585759621 exp(dH): 0.9953713408278326 rand: 0.3787543773651123

MEASplaq ss: 0.9512306418022356  st: 0.9512676243921656  tot: 0.9512491330972006
MEASploop spatial: 0.90171685764986 0.0002974071075982889 temporal: 0.8127022285408891 -0.0003916331900887198
MEASpbp (0) mass: 0.005 pbpe: 0.00445485918205109 pbpo: 0.004353348761958899
MEASpbp (1) mass: 0.005 pbpe: 0.004449533403594286 pbpo: 0.004419110221554178
MEASpbp (2) mass: 0.005 pbpe: 0.004654352837569677 pbpo: 0.0043448055874462255
MEASpbp (3) mass: 0.005 pbpe: 0.004481838796383604 pbpo: 0.004435340747334103
MEASpbp (4) mass: 0.005 pbpe: 0.0044025022242602 pbpo: 0.0044353938623289445
MEASpbp (5) mass: 0.005 pbpe: 0.004235820133949331 pbpo: 0.004259344109545839
MEASpbp (6) mass: 0.005 pbpe: 0.0044344485482210195 pbpo: 0.00437548506636682
MEASpbp (7) mass: 0.005 pbpe: 0.004325959189134303 pbpo: 0.004390358460227107
MEASpbp (8) mass: 0.005 pbpe: 0.004489442363894397 pbpo: 0.004317925415018557
MEASpbp (9) mass: 0.005 pbpe: 0.004299624815662568 pbpo: 0.004475588912794743
MEASpbp (avg) mass: 0.005 pbpe: 0.004422838149472048 pbpo: 0.004380670114457541

[26.369 s] Total time (Init - Finalize): 26.36867162 seconds.
