Using Comm: QMP
\n|---------------------------------------------------------------|
 Quantum EXpressions (QEX)

 QEX authors: James Osborn & Xiao-Yong Jin
 HISQ HMC authors: 
   - Curtis Taylor Peterson [C.T.P.] (Michigan State University)
   - James Osborn (Argonne National Laboratory)
   - Xiao-Yong Jin (Argonne National Laboratory) 
 QEX GitHub: https://github.com/jcosborn/qex
 C.T.P. email: curtistaylorpetersonwork@gmail.com
 cite: Proceedings of Science (PoS) LATTICE2016 (2017) 271
|---------------------------------------------------------------|

rank 0/4
thread 0/4
#physGeom:@[8, 8, 8, 16]
#rankGeom:@[1, 1, 1, 4]
#localGeom:@[8, 8, 8, 4]
#innerGeom:@[2, 2, 2, 1]
#outerGeom:@[4, 4, 4, 4]
#innerGeom:@[2, 2, 2, 1]
#outerGeom:@[4, 4, 4, 4]
#innerCb: 0
#innerCbDir: 0
#newRNGField lo:
[1, 1, 1, 4]
#physGeom:@[8, 8, 8, 16]
#rankGeom:@[1, 1, 1, 4]
#localGeom:@[8, 8, 8, 4]
#innerGeom:@[1, 1, 1, 1]
#outerGeom:@[8, 8, 8, 4]
#innerGeom:@[1, 1, 1, 1]
#outerGeom:@[8, 8, 8, 4]
#innerCb: 0
#innerCbDir: 0

base ensemble name: n/a 
starting configuration: 0 
number of trajectories: 1 

JSON input: {"lattice-geometry":[8,8,8,16],"hmc":{"trajectory-length":0.1,"serial-rng":"milc","parallel-rng":"milc","serial-seed":123456789,"parallel-seed":123456789,"gauge-start":"cold"},"action":{"beta":7.5,"mass":0.005,"hasenbusch-mass":0.6,"lepage":0.0,"naik":1.0,"unitary-projection":{"method":"newton"}},"gauge":{"integrator":"2MN","steps":10},"fermion":{"integrator":"2MN","steps":10},"measurements":{"plaquette":{},"polyakov":{},"chiral-condensate":{"sources":10}}}

trajectory length: 0.1
number of trajectories: 1
outer (fermion/Hasenbusch) integrator: 2MN
outer (fermion/Hasenbusch) steps: 10
inner (gauge) integrator: 2MN
inner (gauge) steps per outer (fermion/Hasenbusch) update: 10
gauge start: cold
serial RNG: MILC
serial seed: 
parallel RNG: MILC
parallel seed: 
beta: 7.5
mass: 0.005
hasenbusch mass: 0.6
plaquette coefficient: 1.0
rectangle coefficient: -0.05
unitary projection method: newton
minimum squared residual (action CG solver): 1e-20
maximum iterations (action CG solver): 10000
minimum squared residual (force CG solver): 1e-12
maximum iterations (force CG solver): 10000
fat7first:
  oneLink:     0.125
  threeStaple: -0.0625
  fiveStaple:  0.015625
  sevenStaple: -0.0026041666666666665
  lepage:      -0.0
fat7second:
  oneLink:     1.0
  threeStaple: -0.0625
  fiveStaple:  0.015625
  sevenStaple: -0.0026041666666666665
  lepage:      -0.125
naik: -0.041666666666666664

Omelyan2MN:dt^2{
  (steps=10){
    0: 0.1931833275037836 * Omelyan2MN:dt^2{
        (steps=10){
          0: 0.1931833275037836 * mdt
          1: 0.5 * mdvAll[0]
          2: 0.6136333449924328 * mdt{0}
          3: 0.5 * mdvAll[0]{1}
          4: 0.1931833275037836 * mdt{0}
        }
      }
    1: 0.5 * mdvAll[1]
    2: 0.6136333449924328 * Omelyan2MN{0}
    3: 0.5 * mdvAll[1]{1}
    4: 0.1931833275037836 * Omelyan2MN{0}
  }
}

linkSmear: 0.02750s 9.181Gf/s
stagSolve: 26  0.006058s  10.78Gf/s  3.298e-21
stagSolve: 26  0.005175s  12.62Gf/s  1.131e-21
stagSolve: 34  0.007136s  11.87Gf/s  2.580e-21
kinetic: 35.27838406121009 gauge: 2.1827872842550278e-11 fermion: 24323.019739168878 

linkSmear: 0.01909s 13.222Gf/s
stagSolve: 19  0.005436s  8.899Gf/s  0.02160
stagSolve: 32  0.006484s  12.31Gf/s  0.02934
forceSmear: 0.05854s 9.235Gf/s
linkSmear: 0.01989s 12.695Gf/s
stagSolve: 19  0.004396s  11.01Gf/s  0.02160
stagSolve: 34  0.007046s  12.02Gf/s  0.02934
forceSmear: 0.05946s 9.091Gf/s
linkSmear: 0.02028s 12.448Gf/s
stagSolve: 19  0.004445s  10.88Gf/s  0.02161
stagSolve: 34  0.006976s  12.14Gf/s  0.02934
forceSmear: 0.05838s 9.259Gf/s
linkSmear: 0.01915s 13.183Gf/s
stagSolve: 19  0.004504s  10.74Gf/s  0.02161
stagSolve: 34  0.006973s  12.15Gf/s  0.02934
forceSmear: 0.05884s 9.188Gf/s
linkSmear: 0.01976s 12.773Gf/s
stagSolve: 19  0.004556s  10.62Gf/s  0.02161
stagSolve: 34  0.006991s  12.11Gf/s  0.02935
forceSmear: 0.05810s 9.305Gf/s
linkSmear: 0.01986s 12.709Gf/s
stagSolve: 19  0.004403s  10.99Gf/s  0.02162
stagSolve: 39  0.008060s  12.01Gf/s  0.02935
forceSmear: 0.05822s 9.285Gf/s
linkSmear: 0.01967s 12.833Gf/s
stagSolve: 19  0.004542s  10.65Gf/s  0.02162
stagSolve: 39  0.007919s  12.22Gf/s  0.02936
forceSmear: 0.05830s 9.272Gf/s
linkSmear: 0.01992s 12.674Gf/s
stagSolve: 19  0.004480s  10.80Gf/s  0.02163
stagSolve: 40  0.008208s  12.09Gf/s  0.02937
forceSmear: 0.05829s 9.273Gf/s
linkSmear: 0.01969s 12.824Gf/s
stagSolve: 20  0.004630s  10.97Gf/s  0.02163
stagSolve: 40  0.008197s  12.10Gf/s  0.02937
forceSmear: 0.05852s 9.238Gf/s
linkSmear: 0.01949s 12.953Gf/s
stagSolve: 21  0.004759s  11.18Gf/s  0.02164
stagSolve: 41  0.008440s  12.04Gf/s  0.02939
forceSmear: 0.05835s 9.264Gf/s
linkSmear: 0.02018s 12.511Gf/s
stagSolve: 21  0.004834s  11.01Gf/s  0.02164
stagSolve: 41  0.008290s  12.26Gf/s  0.02939
forceSmear: 0.05864s 9.218Gf/s
linkSmear: 0.01951s 12.939Gf/s
stagSolve: 21  0.004781s  11.13Gf/s  0.02165
stagSolve: 41  0.008330s  12.20Gf/s  0.02941
forceSmear: 0.05861s 9.223Gf/s
linkSmear: 0.01934s 13.052Gf/s
stagSolve: 21  0.005068s  10.50Gf/s  0.02166
stagSolve: 41  0.008306s  12.24Gf/s  0.02942
forceSmear: 0.05870s 9.208Gf/s
linkSmear: 0.02021s 12.489Gf/s
stagSolve: 21  0.004749s  11.21Gf/s  0.02167
stagSolve: 42  0.008607s  12.09Gf/s  0.02944
forceSmear: 0.05824s 9.281Gf/s
linkSmear: 0.02140s 11.798Gf/s
stagSolve: 21  0.004856s  10.96Gf/s  0.02167
stagSolve: 42  0.008732s  11.92Gf/s  0.02945
forceSmear: 0.05802s 9.317Gf/s
linkSmear: 0.01976s 12.773Gf/s
stagSolve: 21  0.004764s  11.17Gf/s  0.02168
stagSolve: 42  0.008466s  12.29Gf/s  0.02947
forceSmear: 0.05820s 9.287Gf/s
linkSmear: 0.01942s 13.002Gf/s
stagSolve: 21  0.004891s  10.88Gf/s  0.02169
stagSolve: 42  0.008513s  12.22Gf/s  0.02948
forceSmear: 0.05850s 9.241Gf/s
linkSmear: 0.02704s 9.334Gf/s
stagSolve: 21  0.01902s  2.798Gf/s  0.02170
stagSolve: 43  0.02067s  5.152Gf/s  0.02950
forceSmear: 0.13148s 4.111Gf/s
linkSmear: 0.04595s 5.494Gf/s
stagSolve: 21  0.009575s  5.558Gf/s  0.02171
stagSolve: 43  0.01165s  9.137Gf/s  0.02951
forceSmear: 0.11626s 4.650Gf/s
linkSmear: 0.01966s 12.839Gf/s
stagSolve: 22  0.005038s  11.04Gf/s  0.02172
stagSolve: 44  0.009121s  11.94Gf/s  0.02954
forceSmear: 0.05952s 9.082Gf/s

linkSmear: 0.02608s 9.681Gf/s
stagSolve: 36  0.01058s  8.465Gf/s  3.307e-21
stagSolve: 86  0.01939s  10.86Gf/s  1.566e-21
kinetic: -15322.466588151045 gauge: 15275.754544798481 fermion: 24405.014805988772 
unitary deviation avg: 1.3237144069207508e-15 max: 4.267693995150284e-15
new unitary deviation avg: 2.625219466307357e-16 max: 8.895806573726554e-16
ACC: 0.004639406099158805 exp(dH): 0.9953713393214384 rand: 0.3787543773651123

MEASplaq ss: 0.9512306418022363  st: 0.9512676243921661  tot: 0.9512491330972012
MEASploop spatial: 0.9017168576498605 0.00029740710759828913 temporal: 0.8127022285408891 -0.0003916331900887202
MEASpbp (0) mass: 0.005 pbpe: 0.004454859182051089 pbpo: 0.0043533487619588866
MEASpbp (1) mass: 0.005 pbpe: 0.004449533403594286 pbpo: 0.004419110221554187
MEASpbp (2) mass: 0.005 pbpe: 0.004654352837569677 pbpo: 0.004344805587446225
MEASpbp (3) mass: 0.005 pbpe: 0.004481838796383603 pbpo: 0.004435340747334118
MEASpbp (4) mass: 0.005 pbpe: 0.004402502224260201 pbpo: 0.004435393862328967
MEASpbp (5) mass: 0.005 pbpe: 0.004235820133949331 pbpo: 0.004259344109545847
MEASpbp (6) mass: 0.005 pbpe: 0.004434448548221021 pbpo: 0.004375485066366794
MEASpbp (7) mass: 0.005 pbpe: 0.004325959189134303 pbpo: 0.0043903584602271355
MEASpbp (8) mass: 0.005 pbpe: 0.004489442363894398 pbpo: 0.004317925415018552
MEASpbp (9) mass: 0.005 pbpe: 0.00429962481566257 pbpo: 0.00447558891279475
MEASpbp (avg) mass: 0.005 pbpe: 0.011542884168866578 pbpo: 0.011374200275651412

[9.938 s] Total time (Init - Finalize): 9.938490003 seconds.
